------------------------------------------------------------
Timing Analyzer Summary
------------------------------------------------------------

Type  : Slow 1100mV 85C Model Setup 'clk_vga'
Slack : -8.368
TNS   : -205.105

Type  : Slow 1100mV 85C Model Setup 'clk_dram'
Slack : -2.788
TNS   : -32.492

Type  : Slow 1100mV 85C Model Setup 'u6|sdram_pll_inst|altera_pll_i|general[0].gpll~PLL_OUTPUT_COUNTER|divclk'
Slack : 1.976
TNS   : 0.000

Type  : Slow 1100mV 85C Model Setup 'u6|sdram_pll_inst|altera_pll_i|general[2].gpll~PLL_OUTPUT_COUNTER|divclk'
Slack : 9.362
TNS   : 0.000

Type  : Slow 1100mV 85C Model Setup 'CLOCK2_50'
Slack : 15.550
TNS   : 0.000

Type  : Slow 1100mV 85C Model Setup 'CLOCK_50'
Slack : 16.077
TNS   : 0.000

Type  : Slow 1100mV 85C Model Hold 'u6|sdram_pll_inst|altera_pll_i|general[0].gpll~PLL_OUTPUT_COUNTER|divclk'
Slack : 0.142
TNS   : 0.000

Type  : Slow 1100mV 85C Model Hold 'u6|sdram_pll_inst|altera_pll_i|general[2].gpll~PLL_OUTPUT_COUNTER|divclk'
Slack : 0.217
TNS   : 0.000

Type  : Slow 1100mV 85C Model Hold 'CLOCK2_50'
Slack : 0.239
TNS   : 0.000

Type  : Slow 1100mV 85C Model Hold 'CLOCK_50'
Slack : 0.369
TNS   : 0.000

Type  : Slow 1100mV 85C Model Hold 'clk_vga'
Slack : 4.031
TNS   : 0.000

Type  : Slow 1100mV 85C Model Hold 'clk_dram'
Slack : 4.664
TNS   : 0.000

Type  : Slow 1100mV 85C Model Recovery 'u6|sdram_pll_inst|altera_pll_i|general[0].gpll~PLL_OUTPUT_COUNTER|divclk'
Slack : 4.331
TNS   : 0.000

Type  : Slow 1100mV 85C Model Recovery 'u6|sdram_pll_inst|altera_pll_i|general[2].gpll~PLL_OUTPUT_COUNTER|divclk'
Slack : 9.332
TNS   : 0.000

Type  : Slow 1100mV 85C Model Recovery 'CLOCK2_50'
Slack : 14.291
TNS   : 0.000

Type  : Slow 1100mV 85C Model Removal 'u6|sdram_pll_inst|altera_pll_i|general[0].gpll~PLL_OUTPUT_COUNTER|divclk'
Slack : 1.131
TNS   : 0.000

Type  : Slow 1100mV 85C Model Removal 'u6|sdram_pll_inst|altera_pll_i|general[2].gpll~PLL_OUTPUT_COUNTER|divclk'
Slack : 1.156
TNS   : 0.000

Type  : Slow 1100mV 85C Model Removal 'CLOCK2_50'
Slack : 1.713
TNS   : 0.000

Type  : Slow 1100mV 85C Model Minimum Pulse Width 'u6|sdram_pll_inst|altera_pll_i|general[0].gpll~FRACTIONAL_PLL|vcoph[0]'
Slack : 1.666
TNS   : 0.000

Type  : Slow 1100mV 85C Model Minimum Pulse Width 'u6|sdram_pll_inst|altera_pll_i|general[0].gpll~PLL_OUTPUT_COUNTER|divclk'
Slack : 3.776
TNS   : 0.000

Type  : Slow 1100mV 85C Model Minimum Pulse Width 'u6|sdram_pll_inst|altera_pll_i|general[1].gpll~PLL_OUTPUT_COUNTER|divclk'
Slack : 4.845
TNS   : 0.000

Type  : Slow 1100mV 85C Model Minimum Pulse Width 'CLOCK2_50'
Slack : 8.832
TNS   : 0.000

Type  : Slow 1100mV 85C Model Minimum Pulse Width 'CLOCK_50'
Slack : 9.248
TNS   : 0.000

Type  : Slow 1100mV 85C Model Minimum Pulse Width 'u6|sdram_pll_inst|altera_pll_i|general[2].gpll~PLL_OUTPUT_COUNTER|divclk'
Slack : 18.793
TNS   : 0.000

Type  : Slow 1100mV 0C Model Setup 'clk_vga'
Slack : -8.113
TNS   : -198.729

Type  : Slow 1100mV 0C Model Setup 'clk_dram'
Slack : -2.409
TNS   : -26.679

Type  : Slow 1100mV 0C Model Setup 'u6|sdram_pll_inst|altera_pll_i|general[0].gpll~PLL_OUTPUT_COUNTER|divclk'
Slack : 2.438
TNS   : 0.000

Type  : Slow 1100mV 0C Model Setup 'u6|sdram_pll_inst|altera_pll_i|general[2].gpll~PLL_OUTPUT_COUNTER|divclk'
Slack : 9.690
TNS   : 0.000

Type  : Slow 1100mV 0C Model Setup 'CLOCK2_50'
Slack : 15.554
TNS   : 0.000

Type  : Slow 1100mV 0C Model Setup 'CLOCK_50'
Slack : 16.199
TNS   : 0.000

Type  : Slow 1100mV 0C Model Hold 'u6|sdram_pll_inst|altera_pll_i|general[0].gpll~PLL_OUTPUT_COUNTER|divclk'
Slack : 0.080
TNS   : 0.000

Type  : Slow 1100mV 0C Model Hold 'u6|sdram_pll_inst|altera_pll_i|general[2].gpll~PLL_OUTPUT_COUNTER|divclk'
Slack : 0.222
TNS   : 0.000

Type  : Slow 1100mV 0C Model Hold 'CLOCK2_50'
Slack : 0.227
TNS   : 0.000

Type  : Slow 1100mV 0C Model Hold 'CLOCK_50'
Slack : 0.370
TNS   : 0.000

Type  : Slow 1100mV 0C Model Hold 'clk_vga'
Slack : 3.856
TNS   : 0.000

Type  : Slow 1100mV 0C Model Hold 'clk_dram'
Slack : 4.477
TNS   : 0.000

Type  : Slow 1100mV 0C Model Recovery 'u6|sdram_pll_inst|altera_pll_i|general[0].gpll~PLL_OUTPUT_COUNTER|divclk'
Slack : 4.386
TNS   : 0.000

Type  : Slow 1100mV 0C Model Recovery 'u6|sdram_pll_inst|altera_pll_i|general[2].gpll~PLL_OUTPUT_COUNTER|divclk'
Slack : 9.704
TNS   : 0.000

Type  : Slow 1100mV 0C Model Recovery 'CLOCK2_50'
Slack : 14.146
TNS   : 0.000

Type  : Slow 1100mV 0C Model Removal 'u6|sdram_pll_inst|altera_pll_i|general[0].gpll~PLL_OUTPUT_COUNTER|divclk'
Slack : 1.178
TNS   : 0.000

Type  : Slow 1100mV 0C Model Removal 'u6|sdram_pll_inst|altera_pll_i|general[2].gpll~PLL_OUTPUT_COUNTER|divclk'
Slack : 1.223
TNS   : 0.000

Type  : Slow 1100mV 0C Model Removal 'CLOCK2_50'
Slack : 1.633
TNS   : 0.000

Type  : Slow 1100mV 0C Model Minimum Pulse Width 'u6|sdram_pll_inst|altera_pll_i|general[0].gpll~FRACTIONAL_PLL|vcoph[0]'
Slack : 1.666
TNS   : 0.000

Type  : Slow 1100mV 0C Model Minimum Pulse Width 'u6|sdram_pll_inst|altera_pll_i|general[0].gpll~PLL_OUTPUT_COUNTER|divclk'
Slack : 3.758
TNS   : 0.000

Type  : Slow 1100mV 0C Model Minimum Pulse Width 'u6|sdram_pll_inst|altera_pll_i|general[1].gpll~PLL_OUTPUT_COUNTER|divclk'
Slack : 4.816
TNS   : 0.000

Type  : Slow 1100mV 0C Model Minimum Pulse Width 'CLOCK2_50'
Slack : 8.814
TNS   : 0.000

Type  : Slow 1100mV 0C Model Minimum Pulse Width 'CLOCK_50'
Slack : 9.310
TNS   : 0.000

Type  : Slow 1100mV 0C Model Minimum Pulse Width 'u6|sdram_pll_inst|altera_pll_i|general[2].gpll~PLL_OUTPUT_COUNTER|divclk'
Slack : 18.771
TNS   : 0.000

Type  : Fast 1100mV 85C Model Setup 'clk_vga'
Slack : -5.058
TNS   : -123.908

Type  : Fast 1100mV 85C Model Setup 'clk_dram'
Slack : 1.721
TNS   : 0.000

Type  : Fast 1100mV 85C Model Setup 'u6|sdram_pll_inst|altera_pll_i|general[0].gpll~PLL_OUTPUT_COUNTER|divclk'
Slack : 4.237
TNS   : 0.000

Type  : Fast 1100mV 85C Model Setup 'u6|sdram_pll_inst|altera_pll_i|general[2].gpll~PLL_OUTPUT_COUNTER|divclk'
Slack : 12.625
TNS   : 0.000

Type  : Fast 1100mV 85C Model Setup 'CLOCK2_50'
Slack : 17.297
TNS   : 0.000

Type  : Fast 1100mV 85C Model Setup 'CLOCK_50'
Slack : 17.863
TNS   : 0.000

Type  : Fast 1100mV 85C Model Hold 'u6|sdram_pll_inst|altera_pll_i|general[0].gpll~PLL_OUTPUT_COUNTER|divclk'
Slack : 0.078
TNS   : 0.000

Type  : Fast 1100mV 85C Model Hold 'u6|sdram_pll_inst|altera_pll_i|general[2].gpll~PLL_OUTPUT_COUNTER|divclk'
Slack : 0.136
TNS   : 0.000

Type  : Fast 1100mV 85C Model Hold 'CLOCK2_50'
Slack : 0.137
TNS   : 0.000

Type  : Fast 1100mV 85C Model Hold 'CLOCK_50'
Slack : 0.198
TNS   : 0.000

Type  : Fast 1100mV 85C Model Hold 'clk_vga'
Slack : 1.910
TNS   : 0.000

Type  : Fast 1100mV 85C Model Hold 'clk_dram'
Slack : 2.574
TNS   : 0.000

Type  : Fast 1100mV 85C Model Recovery 'u6|sdram_pll_inst|altera_pll_i|general[0].gpll~PLL_OUTPUT_COUNTER|divclk'
Slack : 6.475
TNS   : 0.000

Type  : Fast 1100mV 85C Model Recovery 'u6|sdram_pll_inst|altera_pll_i|general[2].gpll~PLL_OUTPUT_COUNTER|divclk'
Slack : 12.687
TNS   : 0.000

Type  : Fast 1100mV 85C Model Recovery 'CLOCK2_50'
Slack : 16.505
TNS   : 0.000

Type  : Fast 1100mV 85C Model Removal 'u6|sdram_pll_inst|altera_pll_i|general[2].gpll~PLL_OUTPUT_COUNTER|divclk'
Slack : 0.806
TNS   : 0.000

Type  : Fast 1100mV 85C Model Removal 'u6|sdram_pll_inst|altera_pll_i|general[0].gpll~PLL_OUTPUT_COUNTER|divclk'
Slack : 0.810
TNS   : 0.000

Type  : Fast 1100mV 85C Model Removal 'CLOCK2_50'
Slack : 0.961
TNS   : 0.000

Type  : Fast 1100mV 85C Model Minimum Pulse Width 'u6|sdram_pll_inst|altera_pll_i|general[0].gpll~FRACTIONAL_PLL|vcoph[0]'
Slack : 1.666
TNS   : 0.000

Type  : Fast 1100mV 85C Model Minimum Pulse Width 'u6|sdram_pll_inst|altera_pll_i|general[0].gpll~PLL_OUTPUT_COUNTER|divclk'
Slack : 3.888
TNS   : 0.000

Type  : Fast 1100mV 85C Model Minimum Pulse Width 'u6|sdram_pll_inst|altera_pll_i|general[1].gpll~PLL_OUTPUT_COUNTER|divclk'
Slack : 4.908
TNS   : 0.000

Type  : Fast 1100mV 85C Model Minimum Pulse Width 'CLOCK2_50'
Slack : 8.765
TNS   : 0.000

Type  : Fast 1100mV 85C Model Minimum Pulse Width 'CLOCK_50'
Slack : 9.132
TNS   : 0.000

Type  : Fast 1100mV 85C Model Minimum Pulse Width 'u6|sdram_pll_inst|altera_pll_i|general[2].gpll~PLL_OUTPUT_COUNTER|divclk'
Slack : 18.896
TNS   : 0.000

Type  : Fast 1100mV 0C Model Setup 'clk_vga'
Slack : -4.777
TNS   : -116.475

Type  : Fast 1100mV 0C Model Setup 'clk_dram'
Slack : 2.136
TNS   : 0.000

Type  : Fast 1100mV 0C Model Setup 'u6|sdram_pll_inst|altera_pll_i|general[0].gpll~PLL_OUTPUT_COUNTER|divclk'
Slack : 4.737
TNS   : 0.000

Type  : Fast 1100mV 0C Model Setup 'u6|sdram_pll_inst|altera_pll_i|general[2].gpll~PLL_OUTPUT_COUNTER|divclk'
Slack : 13.495
TNS   : 0.000

Type  : Fast 1100mV 0C Model Setup 'CLOCK2_50'
Slack : 17.422
TNS   : 0.000

Type  : Fast 1100mV 0C Model Setup 'CLOCK_50'
Slack : 18.046
TNS   : 0.000

Type  : Fast 1100mV 0C Model Hold 'u6|sdram_pll_inst|altera_pll_i|general[0].gpll~PLL_OUTPUT_COUNTER|divclk'
Slack : 0.043
TNS   : 0.000

Type  : Fast 1100mV 0C Model Hold 'CLOCK2_50'
Slack : 0.124
TNS   : 0.000

Type  : Fast 1100mV 0C Model Hold 'u6|sdram_pll_inst|altera_pll_i|general[2].gpll~PLL_OUTPUT_COUNTER|divclk'
Slack : 0.124
TNS   : 0.000

Type  : Fast 1100mV 0C Model Hold 'CLOCK_50'
Slack : 0.187
TNS   : 0.000

Type  : Fast 1100mV 0C Model Hold 'clk_vga'
Slack : 1.637
TNS   : 0.000

Type  : Fast 1100mV 0C Model Hold 'clk_dram'
Slack : 2.296
TNS   : 0.000

Type  : Fast 1100mV 0C Model Recovery 'u6|sdram_pll_inst|altera_pll_i|general[0].gpll~PLL_OUTPUT_COUNTER|divclk'
Slack : 6.689
TNS   : 0.000

Type  : Fast 1100mV 0C Model Recovery 'u6|sdram_pll_inst|altera_pll_i|general[2].gpll~PLL_OUTPUT_COUNTER|divclk'
Slack : 13.470
TNS   : 0.000

Type  : Fast 1100mV 0C Model Recovery 'CLOCK2_50'
Slack : 16.710
TNS   : 0.000

Type  : Fast 1100mV 0C Model Removal 'u6|sdram_pll_inst|altera_pll_i|general[0].gpll~PLL_OUTPUT_COUNTER|divclk'
Slack : 0.734
TNS   : 0.000

Type  : Fast 1100mV 0C Model Removal 'u6|sdram_pll_inst|altera_pll_i|general[2].gpll~PLL_OUTPUT_COUNTER|divclk'
Slack : 0.736
TNS   : 0.000

Type  : Fast 1100mV 0C Model Removal 'CLOCK2_50'
Slack : 0.872
TNS   : 0.000

Type  : Fast 1100mV 0C Model Minimum Pulse Width 'u6|sdram_pll_inst|altera_pll_i|general[0].gpll~FRACTIONAL_PLL|vcoph[0]'
Slack : 1.666
TNS   : 0.000

Type  : Fast 1100mV 0C Model Minimum Pulse Width 'u6|sdram_pll_inst|altera_pll_i|general[0].gpll~PLL_OUTPUT_COUNTER|divclk'
Slack : 3.890
TNS   : 0.000

Type  : Fast 1100mV 0C Model Minimum Pulse Width 'u6|sdram_pll_inst|altera_pll_i|general[1].gpll~PLL_OUTPUT_COUNTER|divclk'
Slack : 4.906
TNS   : 0.000

Type  : Fast 1100mV 0C Model Minimum Pulse Width 'CLOCK2_50'
Slack : 8.730
TNS   : 0.000

Type  : Fast 1100mV 0C Model Minimum Pulse Width 'CLOCK_50'
Slack : 9.094
TNS   : 0.000

Type  : Fast 1100mV 0C Model Minimum Pulse Width 'u6|sdram_pll_inst|altera_pll_i|general[2].gpll~PLL_OUTPUT_COUNTER|divclk'
Slack : 18.895
TNS   : 0.000

------------------------------------------------------------
